// Jest Snapshot v1, https://goo.gl/fbAQLP

exports[`Dashboard upload history page 1`] = `null`;
